// Jest Snapshot v1, https://goo.gl/fbAQLP

exports[`AddUser Component should add snapshot  1`] = `ReactWrapper {}`;
