// Jest Snapshot v1, https://goo.gl/fbAQLP

exports[`Dashboard Component DashBoard Test 1`] = `ReactWrapper {}`;
