// Jest Snapshot v1, https://goo.gl/fbAQLP

exports[`Render Profile Page Profile test is render 1`] = `ShallowWrapper {}`;
